// Jest Snapshot v1, https://goo.gl/fbAQLP

exports[`Creates a valid and correct opts object 1`] = `
"[90m┌───────────────────┐[39m
[90m│[39m Exported entities [90m│[39m
[90m├───────────────[39m[90m┬───┤[39m
[90m│[39m Content Types [90m│[39m 0 [90m│[39m
[90m├───────────────[39m[90m┼───┤[39m
[90m│[39m Entries       [90m│[39m 0 [90m│[39m
[90m├───────────────[39m[90m┼───┤[39m
[90m│[39m Assets        [90m│[39m 2 [90m│[39m
[90m├───────────────[39m[90m┼───┤[39m
[90m│[39m Locales       [90m│[39m 0 [90m│[39m
[90m└───────────────[39m[90m┴───┘[39m"
`;

exports[`Runs Contentful Export and downloads assets 1`] = `
"[90m┌───────────────────┐[39m
[90m│[39m Exported entities [90m│[39m
[90m├───────────────[39m[90m┬───┤[39m
[90m│[39m Content Types [90m│[39m 0 [90m│[39m
[90m├───────────────[39m[90m┼───┤[39m
[90m│[39m Entries       [90m│[39m 0 [90m│[39m
[90m├───────────────[39m[90m┼───┤[39m
[90m│[39m Assets        [90m│[39m 2 [90m│[39m
[90m├───────────────[39m[90m┼───┤[39m
[90m│[39m Locales       [90m│[39m 0 [90m│[39m
[90m└───────────────[39m[90m┴───┘[39m"
`;

exports[`Runs Contentful Export and downloads assets 2`] = `
"[90m┌─────────────────────────────┐[39m
[90m│[39m Asset file download results [90m│[39m
[90m├───────────────────[39m[90m┬─────────┤[39m
[90m│[39m Successful        [90m│[39m 1       [90m│[39m
[90m├───────────────────[39m[90m┼─────────┤[39m
[90m│[39m Warnings          [90m│[39m 1       [90m│[39m
[90m├───────────────────[39m[90m┼─────────┤[39m
[90m│[39m Errors            [90m│[39m 0       [90m│[39m
[90m└───────────────────[39m[90m┴─────────┘[39m"
`;

exports[`Runs Contentful Export with default config 1`] = `
"[90m┌───────────────────┐[39m
[90m│[39m Exported entities [90m│[39m
[90m├───────────────[39m[90m┬───┤[39m
[90m│[39m Content Types [90m│[39m 0 [90m│[39m
[90m├───────────────[39m[90m┼───┤[39m
[90m│[39m Entries       [90m│[39m 0 [90m│[39m
[90m├───────────────[39m[90m┼───┤[39m
[90m│[39m Assets        [90m│[39m 2 [90m│[39m
[90m├───────────────[39m[90m┼───┤[39m
[90m│[39m Locales       [90m│[39m 0 [90m│[39m
[90m└───────────────[39m[90m┴───┘[39m"
`;
